#
# A fatal error has been detected by the Java Runtime Environment:
#
#  EXCEPTION_ACCESS_VIOLATION (0xc0000005) at pc=0x00007ffa9d48949e, pid=2092, tid=24236
#
# JRE version: OpenJDK Runtime Environment (26.0.1+8) (build 26.0.1+8-34)
# Java VM: OpenJDK 64-Bit Server VM (26.0.1+8-34, mixed mode, emulated-client, sharing, tiered, compressed oops, compressed class ptrs, g1 gc, windows-amd64)
# Problematic frame:
# V  [jvm.dll+0x47949e]
#
# No core dump will be written. Minidumps are not enabled by default on client versions of Windows
#
# If you would like to submit a bug report, please visit:
#   https://bugreport.java.com/bugreport/crash.jsp
#

---------------  S U M M A R Y ------------

Command Line: -XX:TieredStopAtLevel=1 -Dspring.output.ansi.enabled=always -javaagent:C:\Program Files\JetBrains\IntelliJ IDEA 2026.1.1\lib\idea_rt.jar=52242 -Dfile.encoding=UTF-8 -Dsun.stdout.encoding=UTF-8 -Dsun.stderr.encoding=UTF-8 com.frohlich.apiexemplo1.Apiexemplo1Application

Host: Intel(R) Core(TM) i3-10100F CPU @ 3.60GHz, 8 cores, 7G,  Windows 11 , 64 bit Build 26100 (10.0.26100.8328)
Time: Thu May  7 22:16:36 2026 Hora oficial do Brasil elapsed time: 1325.954680 seconds (0d 0h 22m 5s)

---------------  T H R E A D  ---------------

Current thread (0x000002b755fd3a00):  JavaThread "SIGINT handler" daemon [_thread_in_vm, id=24236, stack(0x000000bfac300000,0x000000bfac400000) (1024K)]

Stack: [0x000000bfac300000,0x000000bfac400000],  sp=0x000000bfac3fea80,  free space=1018k
Native frames: (J=compiled Java code, j=interpreted, Vv=VM code, C=native code)
V  [jvm.dll+0x47949e]  (no source info available)
V  [jvm.dll+0x47345f]  (no source info available)
V  [jvm.dll+0x47a52e]  (no source info available)
V  [jvm.dll+0x6ccb81]  (no source info available)
V  [jvm.dll+0x6ca36d]  (no source info available)
V  [jvm.dll+0x6cd23a]  (no source info available)
V  [jvm.dll+0x6cc099]  (no source info available)
V  [jvm.dll+0x48abda]  (no source info available)
V  [jvm.dll+0x48a2fb]  (no source info available)
C  0x000002b747f38709  (no source info available)

The last pc belongs to invokestatic (printed below).
Java frames: (J=compiled Java code, j=interpreted, Vv=VM code)
j  java.lang.Shutdown.logRuntimeExit(I)V+2 java.base@26.0.1
j  java.lang.Shutdown.exit(I)V+7 java.base@26.0.1
j  java.lang.Terminator$1.handle(Ljdk/internal/misc/Signal;)V+8 java.base@26.0.1
j  jdk.internal.misc.Signal$1.run()V+8 java.base@26.0.1
j  java.lang.Thread.runWith(Ljava/lang/Object;Ljava/lang/Runnable;)V+5 java.base@26.0.1
j  java.lang.Thread.run()V+19 java.base@26.0.1
v  ~StubRoutines::Stub Generator call_stub_stub 0x000002b747f218e2

siginfo: EXCEPTION_ACCESS_VIOLATION (0xc0000005), reading address 0x0000000000006c48


Registers:
RAX=0x0000000000000014, RBX=0x000000000f753ca8, RCX=0x0000000000000014, RDX=0x0000000000006c40
RSP=0x000000bfac3fea80, RBP=0x000000000f4e98f0, RSI=0x0000000000000000, RDI=0x000000000f753ca8
R8 =0x0000000000000029, R9 =0x0000000000000000, R10=0x000000000f4e8c48, R11=0x0000000000000005
R12=0x000000000f4e8c48, R13=0x000000000f79afe2, R14=0x0000000000000001, R15=0x000000000f4e98f0
RIP=0x00007ffa9d48949e, EFLAGS=0x0000000000010207

XMM[0]=0x0000000000000000 0x0000000000000000
XMM[1]=0x0000000000000000 0x0000000000000000
XMM[2]=0x0000000000000000 0x0000000000000000
XMM[3]=0x0000000000000000 0x0000000000000000
XMM[4]=0x0000000000000000 0x0000000000000000
XMM[5]=0x0000000000000000 0x0000000000000000
XMM[6]=0x0000000000000000 0x0000000000000000
XMM[7]=0x0000000000000000 0x0000000000000000
XMM[8]=0x0000000000000000 0x0000000000000000
XMM[9]=0x0000000000000000 0x0000000000000000
XMM[10]=0x0000000000000000 0x0000000000000000
XMM[11]=0x0000000000000000 0x0000000000000000
XMM[12]=0x0000000000000000 0x0000000000000000
XMM[13]=0x0000000000000000 0x0000000000000000
XMM[14]=0x0000000000000000 0x0000000000000000
XMM[15]=0x0000000000000000 0x0000000000000000
  MXCSR=0x00001fa0


Register to memory mapping:

RAX=0x0000000000000014 is an unknown value
RBX=0x000000000f753ca8 is pointing into metadata
RCX=0x0000000000000014 is an unknown value
RDX=0x0000000000006c40 is an unknown value
RSP=0x000000bfac3fea80 is pointing into the stack for thread: 0x000002b755fd3a00
RBP=0x000000000f4e98f0 is pointing into metadata
RSI=0x0 is null
RDI=0x000000000f753ca8 is pointing into metadata
R8 =0x0000000000000029 is an unknown value
R9 =0x0 is null
R10=0x000000000f4e8c48 is pointing into metadata
R11=0x0000000000000005 is an unknown value
R12=0x000000000f4e8c48 is pointing into metadata
R13=0x000000000f79afe2 is pointing into metadata
R14=0x0000000000000001 is an unknown value
R15=0x000000000f4e98f0 is pointing into metadata

Top of Stack: (sp=0x000000bfac3fea80)
0x000000bfac3fea80:   000000000f187a50 00007ffa9d48345f   Pz......_4H.....
0x000000bfac3fea90:   00000000000003d8 000002b755fd3a00   .........:.U....
0x000000bfac3feaa0:   000000000f1b8c58 00007ffa9d6d9c06   X.........m.....
0x000000bfac3feab0:   0000000000000000 000000000f4e8c48   ........H.N.....
0x000000bfac3feac0:   000000000f4e98f0 00007ffa9d48a52e   ..N.......H.....
0x000000bfac3fead0:   000000000f187a50 000000000f4e98f0   Pz........N.....
0x000000bfac3feae0:   0000000000000000 000000000f753ca8   .........<u.....
0x000000bfac3feaf0:   0000000000000000 00007ffa00000000   ................
0x000000bfac3feb00:   000000000f187a50 000000bfac3fee78   Pz......x.?.....
0x000000bfac3feb10:   000002b755fd3a00 00007ffa9d6dcb81   .:.U......m.....
0x000000bfac3feb20:   0000000000000000 000000bfac3fec20   ........ .?.....
0x000000bfac3feb30:   000000000f4e8c48 00007ffa9d48a52e   H.N.......H.....
0x000000bfac3feb40:   0000000000000000 00007ffa9d92e544   ........D.......
0x000000bfac3feb50:   0000000000000000 000000000f4d0078   ........x.M.....
0x000000bfac3feb60:   0000000000000010 000002b755fd3a00   .........:.U....
0x000000bfac3feb70:   000000000f1b8ee0 000000bfac3fec90   ..........?.....
0x000000bfac3feb80:   0000000000000000 0000000000000000   ................
0x000000bfac3feb90:   0000000000000000 0000000000000000   ................
0x000000bfac3feba0:   000000000f5e12e0 00007ffa9d48a52e   ..^.......H.....
0x000000bfac3febb0:   000002b755fd3a00 000002b7554bda20   .:.U.... .KU....
0x000000bfac3febc0:   000002b750c70cb0 000002b750c70cd0   ...P.......P....
0x000000bfac3febd0:   000002b750c70da0 00000000000000d8   ...P............
0x000000bfac3febe0:   000000bfac3fed30 000000bfac3fed00   0.?.......?.....
0x000000bfac3febf0:   0000000000000000 00007ffa9d6dce7a   ........z.m.....
0x000000bfac3fec00:   0000000000000000 00007ffa9d484f0e   .........OH.....
0x000000bfac3fec10:   000000000f4d3b80 00007ffa9d6dce7a   .;M.....z.m.....
0x000000bfac3fec20:   000002b755fd3a00 00007ffa9d92e544   .:.U....D.......
0x000000bfac3fec30:   000000000f1b8958 00007ffa9d837a30   X.......0z......
0x000000bfac3fec40:   000000000f187a50 000000000000005f   Pz......_.......
0x000000bfac3fec50:   00001963dde3fa91 00007ffa9d92ed82   ....c...........
0x000000bfac3fec60:   000000bfac3fee78 0000000000000002   x.?.............
0x000000bfac3fec70:   000000000f79afe2 0000000000000000   ..y.............

Instructions: (pc=0x00007ffa9d48949e)
  0x00007ffa9d48939e:   00 00 48 85 f6 0f 85 d7 fe ff ff 48 8b 9c 24 90
  0x00007ffa9d4893ae:   00 00 00 4c 8b bc 24 98 00 00 00 48 8b 05 30 43
  0x00007ffa9d4893be:   93 00 48 85 c0 74 12 44 8b c5 48 8d 0d 99 11 6d
  0x00007ffa9d4893ce:   00 41 8b d4 e8 69 5b ff ff 48 83 3b 00 74 15 48
  0x00007ffa9d4893de:   8b 54 24 20 49 8b cd e8 b6 48 ca ff 48 8b cb e8
  0x00007ffa9d4893ee:   8e 48 ca ff 4d 39 7d 20 74 11 48 8b 44 24 28 49
  0x00007ffa9d4893fe:   89 45 28 49 89 5d 18 4d 89 7d 20 4c 8b 6c 24 40
  0x00007ffa9d48940e:   4c 8b 64 24 48 48 8b 7c 24 50 48 8b 74 24 58 48
  0x00007ffa9d48941e:   8b 6c 24 60 48 8b 5c 24 68 4c 8b 7c 24 38 48 83
  0x00007ffa9d48942e:   c4 70 41 5e c3 48 8b 05 fe ca 8c 00 4c 8d 0d 7f
  0x00007ffa9d48943e:   10 6d 00 4c 8d 05 a0 10 6d 00 ba 22 11 00 00 48
  0x00007ffa9d48944e:   8d 0d 24 f6 6c 00 c6 00 58 e8 04 4a e9 ff cc cc
  0x00007ffa9d48945e:   cc cc 40 53 80 3d c7 41 93 00 00 4c 8b d2 48 8b
  0x00007ffa9d48946e:   d9 74 06 5b e9 b9 bc ff ff 44 8b 01 45 33 c9 41
  0x00007ffa9d48947e:   83 e8 01 78 3f 0f 1f 40 00 66 0f 1f 84 00 00 00
  0x00007ffa9d48948e:   00 00 43 8d 04 08 d1 f8 48 63 c8 48 8b 54 cb 08
=>0x00007ffa9d48949e:   48 8b 4a 08 0f b7 51 24 48 8b 49 08 4c 39 54 d1
  0x00007ffa9d4894ae:   50 73 06 44 8d 48 01 eb 06 74 0e 44 8d 40 ff 45
  0x00007ffa9d4894be:   3b c8 7e ce b8 ff ff ff ff 5b c3 cc cc cc cc cc
  0x00007ffa9d4894ce:   cc cc 48 89 5c 24 18 55 56 57 48 81 ec e0 00 00
  0x00007ffa9d4894de:   00 48 8b 05 5a 13 8f 00 48 33 c4 48 89 84 24 d0
  0x00007ffa9d4894ee:   00 00 00 33 ff 48 8b f2 48 8b e9 48 85 c9 75 04
  0x00007ffa9d4894fe:   8b df eb 35 48 8b 8a 98 03 00 00 48 8b 59 20 48
  0x00007ffa9d48950e:   8b 41 28 48 2b c3 48 83 f8 08 72 0a 48 8d 43 08
  0x00007ffa9d48951e:   48 89 41 20 eb 10 45 33 c0 ba 08 00 00 00 e8 9f
  0x00007ffa9d48952e:   45 ca ff 48 8b d8 48 89 2b 48 8d 44 24 58 c6 44
  0x00007ffa9d48953e:   24 38 0e 48 89 84 24 a8 00 00 00 48 8d 84 24 99
  0x00007ffa9d48954e:   00 00 00 48 89 84 24 b0 00 00 00 48 89 bc 24 c8
  0x00007ffa9d48955e:   00 00 00 c7 84 24 bc 00 00 00 08 00 00 00 40 88
  0x00007ffa9d48956e:   bc 24 c0 00 00 00 c6 84 24 99 00 00 00 02 48 89
  0x00007ffa9d48957e:   5c 24 58 c7 84 24 b8 00 00 00 01 00 00 00 e8 7f
  0x00007ffa9d48958e:   a5 4f 00 48 89 44 24 28 48 89 74 24 30 48 85 c0


Stack slot to memory mapping:

stack at sp + 0 slots: 0x000000000f187a50 is a pointer to class: 
java.lang.System {0x000000000f187a58}
 - instance size:     2
 - klass size:        66
 - access:            public final synchronized 
 - flags:             rewritten defined_by_boot_loader has_localvariable_table has_resolved_methods 
 - state:             fully_initialized
 - name:              'java/lang/System'
 - super:             'java/lang/Object'
 - sub:               
 - arrays:            null
 - methods:           Array<T>(0x000000000f753ca8)
 - method ordering:   Array<T>(0x000000000f6a4a28)
 - local interfaces:  Array<T>(0x000000000f6a2c20)
 - trans. interfaces: Array<T>(0x000000000f6a2c20)
 - secondary supers: Array<T>(0x000000000f6a2c08)
 - hash_slot:         44
 - secondary bitmap: 0x0000000000000000
 - constants:         constant pool [591] {0x000000000f73e880} for 'java/lang/System' cache=0x000000000f187c60
 - class loader data:  loader data: 0x000002b73f3382f0 of 'bootstrap'
 - source file:       'System.java'
 - field annotations:       Array<T>(0x000000000f73e820)
 - inner classes:     Array<T>(0x000000000f6a47d8)
 - nest members:     Array<T>(0x000000000f6a4b20)
 - permitted subclasses:     Array<T>(0x000000000f6a2c18)
 - java mirror:       a 'java/lang/Class'{0x00000000ffe3b4a8} = 'java/lang/System'
 - vtable length      5  (start addr: 0x000000000f187c28)
 - itable length      2 (start addr: 0x000000000f187c50)
 - ---- static fields (5 words):
 - public static final 'in' 'Ljava/io/InputStream;' @120 
 - public static final 'out' 'Ljava/io/PrintStream;' @124 
 - public static final 'err' 'Ljava/io/PrintStream;' @128 
 - private static 'initialIn' 'Ljava/io/InputStream;' @132 
 - private static 'initialErr' 'Ljava/io/PrintStream;' @136 
 - private static 'notSupportedJnuEncoding' 'Ljava/lang/String;' @140 
 - private static volatile 'cons' 'Ljava/io/Console;' @144 
 - private static 'props' 'Ljava/util/Properties;' @148 
 - private static 'lineSeparator' 'Ljava/lang/String;' @152 
 - static 'bootLayer' 'Ljava/lang/ModuleLayer;' @156 
 - ---- non-static fields (0 words):
 - non-static oop maps (0 entries): 
stack at sp + 1 slots: 0x00007ffa9d48345f jvm.dll
stack at sp + 2 slots: 0x00000000000003d8 is an unknown value
stack at sp + 3 slots: 0x000002b755fd3a00 is a thread
stack at sp + 4 slots: {method} {0x000000000f1b8c60} 'exit' '(I)V' in 'java/lang/Shutdown'
stack at sp + 5 slots: 0x00007ffa9d6d9c06 jvm.dll
stack at sp + 6 slots: 0x0 is null
stack at sp + 7 slots: 0x000000000f4e8c48 is pointing into metadata

Lock stack of current Java thread (top to bottom):

invokestatic  184 invokestatic  [0x000002b747f38620, 0x000002b747f387e8]  456 bytes

Loading hsdis library failed, undisassembled code is shown in MachCode section
[MachCode]
  0x000002b747f38620: 4883 ec08 | c5fa 1104 | 24eb 1f48 | 83ec 10c5 | fb11 0424 | eb14 4883 | ec10 4889 | 0424 48c7 
  0x000002b747f38640: 4424 0800 | 0000 00eb | 0150 488b | 4dd0 410f | b755 0148 | 8b49 386b | d218 488d | 4c11 080f 
  0x000002b747f38660: b659 1681 | fbb8 0000 | 000f 8529 | 0000 0048 | 8b19 488b | 5b08 488b | 5b08 488b | 5b18 80bb 
  0x000002b747f38680: 3001 0000 | 040f 841f | 0100 004c | 3bbb 3801 | 0000 0f84 | 1201 0000 | bbb8 0000 | 0048 8bd3 
  0x000002b747f386a0: 493b a7a8 | 0500 0076 | 0749 89a7 | a805 0000 | 4c8d 15b8 | 0000 0041 | 5248 8d44 | 2408 4c89 
  0x000002b747f386c0: 6dc0 498b | cfc5 f877 | 4989 af20 | 0400 0049 | 8987 1004 | 0000 4883 | ec20 40f6 | c40f 0f84 
  0x000002b747f386e0: 1900 0000 | 4883 ec08 | 48b8 70a1 | 499d fa7f | 0000 ffd0 | 4883 c408 | e90c 0000 | 0048 b870 
  0x000002b747f38700: a149 9dfa | 7f00 00ff | d048 83c4 | 2049 c787 | 1004 0000 | 0000 0000 | 49c7 8720 | 0400 0000 
  0x000002b747f38720: 0000 0049 | c787 1804 | 0000 0000 | 0000 c5f8 | 774c 8b6d | c04c 8b75 | c84e 8d74 | f500 415a 
  0x000002b747f38740: 493b a7a8 | 0500 0072 | 0b49 c787 | a805 0000 | 0000 0000 | 4d8b 97c0 | 0500 0049 | 83fa 0074 
  0x000002b747f38760: 1b49 c787 | c005 0000 | 0000 0000 | 41ff e249 | ba80 bdf2 | 47b7 0200 | 0041 ffd2 | 4983 7f08 
  0x000002b747f38780: 000f 840e | 0000 004c | 8d15 e1ff | ffff 4152 | e94b 90fe | ff48 8b4d | d041 0fb7 | 5501 488b 
  0x000002b747f387a0: 4938 6bd2 | 1848 8d4c | 1108 0fb6 | 5115 488b | 194c 896d | c044 8bea | 0fb6 5114 | 49ba 5029 
  0x000002b747f387c0: e09d fa7f | 0000 498b | 14d2 5241 | 8bd5 4c8b | 6dc0 4c8d | 6c24 0849 | 8bcd 482b | cd48 c1f9 
  0x000002b747f387e0: 0348 894d | f0ff 6350 
[/MachCode]

---------------  P R O C E S S  ---------------

Threads class SMR info:
_java_thread_list=0x000002b755ed5470, length=27, elements={
0x000002b7507c6140, 0x000002b7507c7860, 0x000002b7507cc2a0, 0x000002b7507cd5b0,
0x000002b7507efc60, 0x000002b7507f4550, 0x000002b750801fa0, 0x000002b750925680,
0x000002b750aa65c0, 0x000002b750ac6d80, 0x000002b755e5f6d0, 0x000002b755e60f50,
0x000002b755e61700, 0x000002b755fcc2f0, 0x000002b755fccaa0, 0x000002b755fcd250,
0x000002b755fcda00, 0x000002b75570f560, 0x000002b75570fd30, 0x000002b755fd5170,
0x000002b755fdd950, 0x000002b755fdb240, 0x000002b755fdba10, 0x000002b755fe0830,
0x000002b755fe17d0, 0x000002b755fe2770, 0x000002b755fd3a00
}

Java Threads: ( => current thread )
  0x000002b7507c6140 JavaThread "Reference Handler"          daemon [_thread_blocked, id=26056, stack(0x000000bfacf00000,0x000000bfad000000) (1024K)]
  0x000002b7507c7860 JavaThread "Finalizer"                  daemon [_thread_blocked, id=25624, stack(0x000000bfad000000,0x000000bfad100000) (1024K)]
  0x000002b7507cc2a0 JavaThread "Signal Dispatcher"          daemon [_thread_blocked, id=26944, stack(0x000000bfad100000,0x000000bfad200000) (1024K)]
  0x000002b7507cd5b0 JavaThread "Attach Listener"            daemon [_thread_blocked, id=26388, stack(0x000000bfad200000,0x000000bfad300000) (1024K)]
  0x000002b7507efc60 JavaThread "Service Thread"             daemon [_thread_blocked, id=23332, stack(0x000000bfad300000,0x000000bfad400000) (1024K)]
  0x000002b7507f4550 JavaThread "Monitor Deflation Thread"   daemon [_thread_blocked, id=25180, stack(0x000000bfad400000,0x000000bfad500000) (1024K)]
  0x000002b750801fa0 JavaThread "C1 CompilerThread0"         daemon [_thread_blocked, id=26576, stack(0x000000bfad500000,0x000000bfad600000) (1024K)]
  0x000002b750925680 JavaThread "Common-Cleaner"             daemon [_thread_blocked, id=16544, stack(0x000000bfad700000,0x000000bfad800000) (1024K)]
  0x000002b750aa65c0 JavaThread "Monitor Ctrl-Break"         daemon [_thread_in_native, id=12192, stack(0x000000bfad800000,0x000000bfad900000) (1024K)]
  0x000002b750ac6d80 JavaThread "Notification Thread"        daemon [_thread_blocked, id=7336, stack(0x000000bfad900000,0x000000bfada00000) (1024K)]
  0x000002b755e5f6d0 JavaThread "Catalina-utility-1"                [_thread_blocked, id=15192, stack(0x000000bfae000000,0x000000bfae100000) (1024K)]
  0x000002b755e60f50 JavaThread "Catalina-utility-2"                [_thread_blocked, id=23512, stack(0x000000bfae500000,0x000000bfae600000) (1024K)]
  0x000002b755e61700 JavaThread "container-0"                       [_thread_blocked, id=1604, stack(0x000000bfae600000,0x000000bfae700000) (1024K)]
  0x000002b755fcc2f0 JavaThread "http-nio-8080-exec-1"       daemon [_thread_blocked, id=27292, stack(0x000000bfae700000,0x000000bfae800000) (1024K)]
  0x000002b755fccaa0 JavaThread "http-nio-8080-exec-2"       daemon [_thread_blocked, id=26068, stack(0x000000bfae800000,0x000000bfae900000) (1024K)]
  0x000002b755fcd250 JavaThread "http-nio-8080-exec-3"       daemon [_thread_blocked, id=15712, stack(0x000000bfae900000,0x000000bfaea00000) (1024K)]
  0x000002b755fcda00 JavaThread "http-nio-8080-exec-4"       daemon [_thread_blocked, id=4636, stack(0x000000bfaea00000,0x000000bfaeb00000) (1024K)]
  0x000002b75570f560 JavaThread "http-nio-8080-exec-5"       daemon [_thread_blocked, id=24460, stack(0x000000bfaeb00000,0x000000bfaec00000) (1024K)]
  0x000002b75570fd30 JavaThread "http-nio-8080-exec-6"       daemon [_thread_blocked, id=27516, stack(0x000000bfaec00000,0x000000bfaed00000) (1024K)]
  0x000002b755fd5170 JavaThread "http-nio-8080-exec-7"       daemon [_thread_blocked, id=22676, stack(0x000000bfaed00000,0x000000bfaee00000) (1024K)]
  0x000002b755fdd950 JavaThread "http-nio-8080-exec-8"       daemon [_thread_blocked, id=17824, stack(0x000000bfaee00000,0x000000bfaef00000) (1024K)]
  0x000002b755fdb240 JavaThread "http-nio-8080-exec-9"       daemon [_thread_blocked, id=1464, stack(0x000000bfaef00000,0x000000bfaf000000) (1024K)]
  0x000002b755fdba10 JavaThread "http-nio-8080-exec-10"      daemon [_thread_blocked, id=24148, stack(0x000000bfaf000000,0x000000bfaf100000) (1024K)]
  0x000002b755fe0830 JavaThread "http-nio-8080-Poller"       daemon [_thread_in_native, id=27312, stack(0x000000bfaf100000,0x000000bfaf200000) (1024K)]
  0x000002b755fe17d0 JavaThread "http-nio-8080-Acceptor"     daemon [_thread_in_native, id=9448, stack(0x000000bfaf200000,0x000000bfaf300000) (1024K)]
  0x000002b755fe2770 JavaThread "DestroyJavaVM"                     [_thread_blocked, id=25552, stack(0x000000bfac600000,0x000000bfac700000) (1024K)]
=>0x000002b755fd3a00 JavaThread "SIGINT handler"             daemon [_thread_in_vm, id=24236, stack(0x000000bfac300000,0x000000bfac400000) (1024K)]
Total: 27

Other Threads:
  0x000002b7507b2ea0 VMThread "VM Thread"                           [id=26088, stack(0x000000bface00000,0x000000bfacf00000) (1024K)]
  0x000002b73f33ebc0 WatcherThread "VM Periodic Task Thread"        [id=13124, stack(0x000000bfacd00000,0x000000bface00000) (1024K)]
  0x000002b73f2d13a0 WorkerThread "GC Thread#0"                     [id=27116, stack(0x000000bfac700000,0x000000bfac800000) (1024K)]
  0x000002b750adb9d0 WorkerThread "GC Thread#1"                     [id=17560, stack(0x000000bfada00000,0x000000bfadb00000) (1024K)]
  0x000002b755706310 WorkerThread "GC Thread#2"                     [id=25672, stack(0x000000bfadd00000,0x000000bfade00000) (1024K)]
  0x000002b755706730 WorkerThread "GC Thread#3"                     [id=12772, stack(0x000000bfade00000,0x000000bfadf00000) (1024K)]
  0x000002b755706b50 WorkerThread "GC Thread#4"                     [id=27612, stack(0x000000bfadf00000,0x000000bfae000000) (1024K)]
  0x000002b75583c6c0 WorkerThread "GC Thread#5"                     [id=21796, stack(0x000000bfae100000,0x000000bfae200000) (1024K)]
  0x000002b7559cb030 WorkerThread "GC Thread#6"                     [id=8792, stack(0x000000bfae300000,0x000000bfae400000) (1024K)]
  0x000002b7559f3310 WorkerThread "GC Thread#7"                     [id=27524, stack(0x000000bfae400000,0x000000bfae500000) (1024K)]
  0x000002b73f2e9f80 ConcurrentGCThread "G1 Main Marker"            [id=9208, stack(0x000000bfac800000,0x000000bfac900000) (1024K)]
  0x000002b73f2ec910 WorkerThread "G1 Conc#0"                       [id=12148, stack(0x000000bfac900000,0x000000bfaca00000) (1024K)]
  0x000002b755180770 WorkerThread "G1 Conc#1"                       [id=1904, stack(0x000000bfadb00000,0x000000bfadc00000) (1024K)]
  0x000002b73f327e10 WorkerThread "G1 Refinement Workers#0"         [id=9124, stack(0x000000bfacb00000,0x000000bfacc00000) (1024K)]
  0x000002b73f327450 ConcurrentGCThread "G1 Refine Control"         [id=26684, stack(0x000000bfaca00000,0x000000bfacb00000) (1024K)]
  0x000002b73f3295d0 ConcurrentGCThread "G1 Service"                [id=12980, stack(0x000000bfacc00000,0x000000bfacd00000) (1024K)]
Total: 16

Threads with active compile tasks:
Total: 0

VM state: not at safepoint (normal execution)

VM Mutex/Monitor currently owned by a thread: None

Heap address: 0x0000000081a00000, size: 2022 MB, Compressed Oops mode: 32-bit

CDS archive(s) mapped at: [0x000000000f000000-0x000000000fde0000-0x000000000fde0000), size 14548992, SharedBaseAddress: 0x000000000f000000, ArchiveRelocationMode: 1.
Compressed class space mapped at: 0x0000000010000000-0x0000000050000000, reserved size: 1073741824
UseCompressedClassPointers 1, UseCompactObjectHeaders 0
Narrow klass pointer bits 32, Max shift 3
Narrow klass base: 0x000000000f000000, Narrow klass shift: 0
Encoding Range: [0x000000000f000000 - 0x000000010f000000), (4294967296 bytes)
Klass Range:    [0x000000000f000000 - 0x0000000050000000), (1090519040 bytes)
Klass ID Range:  [8 - 1090519033) (1090519025)
Protection zone: [0x000000000f000000 - 0x000000000f010000), (65536 bytes)

GC Precious Log:
 CardTable entry size: 512
 Card Set container configuration: InlinePtr #cards 5 size 8 Array Of Cards #cards 10 size 36 Howl #buckets 4 coarsen threshold 1843 Howl Bitmap #cards 512 size 80 coarsen threshold 460 Card regions per heap region 1 cards per card region 2048
 CPUs: 8 total, 8 available
 Memory: 8087M
 Large Page Support: Disabled
 NUMA Support: Disabled
 Compressed Oops: Enabled (32-bit)
 Heap Region Size: 1M
 Heap Min Capacity: 8M
 Heap Initial Capacity: 8M
 Heap Max Capacity: 2022M
 Pre-touch: Disabled
 Parallel Workers: 8
 Concurrent Workers: 2
 Concurrent Refinement Workers: 8
 Periodic GC: Disabled

Heap:
 garbage-first heap   total reserved 2070528K, committed 58368K, used 24084K [0x0000000081a00000, 0x0000000100000000)
  region size 1M, 10 eden (10M), 5 survivor (5M), 11 old (11M), 0 humongous (0M), 31 free (31M)

Heap Regions: E=young(eden), S=young(survivor), O=old, HS=humongous(starts), HC=humongous(continues), CS=collection set, F=free, TAMS=top-at-mark-start, PB=parsable bottom
|    0|0x0000000081a00000, 0x0000000081b00000, 0x0000000081b00000|100%| O|  |TAMS 0x0000000081a00000| PB 0x0000000081a00000| Untracked |  0
|    1|0x0000000081b00000, 0x0000000081c00000, 0x0000000081c00000|100%| O|  |TAMS 0x0000000081b00000| PB 0x0000000081b00000| Untracked |  0
|    2|0x0000000081c00000, 0x0000000081d00000, 0x0000000081d00000|100%| O|  |TAMS 0x0000000081c00000| PB 0x0000000081c00000| Untracked |  0
|    3|0x0000000081d00000, 0x0000000081e00000, 0x0000000081e00000|100%| O|  |TAMS 0x0000000081d00000| PB 0x0000000081d00000| Untracked |  0
|    4|0x0000000081e00000, 0x0000000081f00000, 0x0000000081f00000|100%| O|  |TAMS 0x0000000081e00000| PB 0x0000000081e00000| Untracked |  0
|    5|0x0000000081f00000, 0x0000000082000000, 0x0000000082000000|100%| O|  |TAMS 0x0000000081f00000| PB 0x0000000081f00000| Untracked |  0
|    6|0x0000000082000000, 0x0000000082100000, 0x0000000082100000|100%| O|  |TAMS 0x0000000082000000| PB 0x0000000082000000| Untracked |  0
|    7|0x0000000082100000, 0x0000000082200000, 0x0000000082200000|100%| O|Cm|TAMS 0x0000000082100000| PB 0x0000000082100000| Complete  |  0
|    8|0x0000000082200000, 0x0000000082300000, 0x0000000082300000|100%| O|  |TAMS 0x0000000082200000| PB 0x0000000082200000| Untracked |  0
|    9|0x0000000082300000, 0x0000000082400000, 0x0000000082400000|100%| O|  |TAMS 0x0000000082300000| PB 0x0000000082300000| Untracked |  0
|   10|0x0000000082400000, 0x0000000082400000, 0x0000000082500000|  0%| F|  |TAMS 0x0000000082400000| PB 0x0000000082400000| Untracked |  0
|   11|0x0000000082500000, 0x0000000082500000, 0x0000000082600000|  0%| F|  |TAMS 0x0000000082500000| PB 0x0000000082500000| Untracked |  0
|   12|0x0000000082600000, 0x0000000082600000, 0x0000000082700000|  0%| F|  |TAMS 0x0000000082600000| PB 0x0000000082600000| Untracked |  0
|   13|0x0000000082700000, 0x0000000082700000, 0x0000000082800000|  0%| F|  |TAMS 0x0000000082700000| PB 0x0000000082700000| Untracked |  0
|   14|0x0000000082800000, 0x0000000082800000, 0x0000000082900000|  0%| F|  |TAMS 0x0000000082800000| PB 0x0000000082800000| Untracked |  0
|   15|0x0000000082900000, 0x0000000082900000, 0x0000000082a00000|  0%| F|  |TAMS 0x0000000082900000| PB 0x0000000082900000| Untracked |  0
|   16|0x0000000082a00000, 0x0000000082a00000, 0x0000000082b00000|  0%| F|  |TAMS 0x0000000082a00000| PB 0x0000000082a00000| Untracked |  0
|   17|0x0000000082b00000, 0x0000000082b85300, 0x0000000082c00000| 52%| S|CS|TAMS 0x0000000082b00000| PB 0x0000000082b00000| Complete  |  0
|   18|0x0000000082c00000, 0x0000000082d00000, 0x0000000082d00000|100%| S|CS|TAMS 0x0000000082c00000| PB 0x0000000082c00000| Complete  |  0
|   19|0x0000000082d00000, 0x0000000082e00000, 0x0000000082e00000|100%| S|CS|TAMS 0x0000000082d00000| PB 0x0000000082d00000| Complete  |  0
|   20|0x0000000082e00000, 0x0000000082f00000, 0x0000000082f00000|100%| S|CS|TAMS 0x0000000082e00000| PB 0x0000000082e00000| Complete  |  0
|   21|0x0000000082f00000, 0x0000000083000000, 0x0000000083000000|100%| S|CS|TAMS 0x0000000082f00000| PB 0x0000000082f00000| Complete  |  0
|   22|0x0000000083000000, 0x0000000083000000, 0x0000000083100000|  0%| F|  |TAMS 0x0000000083000000| PB 0x0000000083000000| Untracked |  0
|   23|0x0000000083100000, 0x0000000083100000, 0x0000000083200000|  0%| F|  |TAMS 0x0000000083100000| PB 0x0000000083100000| Untracked |  0
|   24|0x0000000083200000, 0x0000000083200000, 0x0000000083300000|  0%| F|  |TAMS 0x0000000083200000| PB 0x0000000083200000| Untracked |  0
|   25|0x0000000083300000, 0x0000000083300000, 0x0000000083400000|  0%| F|  |TAMS 0x0000000083300000| PB 0x0000000083300000| Untracked |  0
|   26|0x0000000083400000, 0x0000000083400000, 0x0000000083500000|  0%| F|  |TAMS 0x0000000083400000| PB 0x0000000083400000| Untracked |  0
|   27|0x0000000083500000, 0x0000000083500000, 0x0000000083600000|  0%| F|  |TAMS 0x0000000083500000| PB 0x0000000083500000| Untracked |  0
|   28|0x0000000083600000, 0x0000000083600000, 0x0000000083700000|  0%| F|  |TAMS 0x0000000083600000| PB 0x0000000083600000| Untracked |  0
|   29|0x0000000083700000, 0x0000000083700000, 0x0000000083800000|  0%| F|  |TAMS 0x0000000083700000| PB 0x0000000083700000| Untracked |  0
|   30|0x0000000083800000, 0x0000000083800000, 0x0000000083900000|  0%| F|  |TAMS 0x0000000083800000| PB 0x0000000083800000| Untracked |  0
|   31|0x0000000083900000, 0x0000000083900000, 0x0000000083a00000|  0%| F|  |TAMS 0x0000000083900000| PB 0x0000000083900000| Untracked |  0
|   32|0x0000000083a00000, 0x0000000083a00000, 0x0000000083b00000|  0%| F|  |TAMS 0x0000000083a00000| PB 0x0000000083a00000| Untracked |  0
|   33|0x0000000083b00000, 0x0000000083b00000, 0x0000000083c00000|  0%| F|  |TAMS 0x0000000083b00000| PB 0x0000000083b00000| Untracked |  0
|   34|0x0000000083c00000, 0x0000000083c00000, 0x0000000083d00000|  0%| F|  |TAMS 0x0000000083c00000| PB 0x0000000083c00000| Untracked |  0
|   35|0x0000000083d00000, 0x0000000083d00000, 0x0000000083e00000|  0%| F|  |TAMS 0x0000000083d00000| PB 0x0000000083d00000| Untracked |  0
|   36|0x0000000083e00000, 0x0000000083e00000, 0x0000000083f00000|  0%| F|  |TAMS 0x0000000083e00000| PB 0x0000000083e00000| Untracked |  0
|   37|0x0000000083f00000, 0x0000000083f00000, 0x0000000084000000|  0%| F|  |TAMS 0x0000000083f00000| PB 0x0000000083f00000| Untracked |  0
|   38|0x0000000084000000, 0x0000000084000000, 0x0000000084100000|  0%| F|  |TAMS 0x0000000084000000| PB 0x0000000084000000| Untracked |  0
|   39|0x0000000084100000, 0x0000000084100000, 0x0000000084200000|  0%| F|  |TAMS 0x0000000084100000| PB 0x0000000084100000| Untracked |  0
|   40|0x0000000084200000, 0x0000000084200000, 0x0000000084300000|  0%| F|  |TAMS 0x0000000084200000| PB 0x0000000084200000| Untracked |  0
|   41|0x0000000084300000, 0x0000000084300000, 0x0000000084400000|  0%| F|  |TAMS 0x0000000084300000| PB 0x0000000084300000| Untracked |  0
|   42|0x0000000084400000, 0x0000000084400000, 0x0000000084500000|  0%| F|  |TAMS 0x0000000084400000| PB 0x0000000084400000| Untracked |  0
|   43|0x0000000084500000, 0x0000000084500000, 0x0000000084600000|  0%| F|  |TAMS 0x0000000084500000| PB 0x0000000084500000| Untracked |  0
|   44|0x0000000084600000, 0x0000000084600000, 0x0000000084700000|  0%| F|  |TAMS 0x0000000084600000| PB 0x0000000084600000| Untracked |  0
|   45|0x0000000084700000, 0x0000000084700000, 0x0000000084800000|  0%| F|  |TAMS 0x0000000084700000| PB 0x0000000084700000| Untracked |  0
|   46|0x0000000084800000, 0x00000000848e3560, 0x0000000084900000| 88%| E|CS|TAMS 0x0000000084800000| PB 0x0000000084800000| Complete  |  0
|   47|0x0000000084900000, 0x0000000084a00000, 0x0000000084a00000|100%| E|CS|TAMS 0x0000000084900000| PB 0x0000000084900000| Complete  |  0
|   48|0x0000000084a00000, 0x0000000084b00000, 0x0000000084b00000|100%| E|CS|TAMS 0x0000000084a00000| PB 0x0000000084a00000| Complete  |  0
|   49|0x0000000084b00000, 0x0000000084c00000, 0x0000000084c00000|100%| E|CS|TAMS 0x0000000084b00000| PB 0x0000000084b00000| Complete  |  0
|   50|0x0000000084c00000, 0x0000000084d00000, 0x0000000084d00000|100%| E|CS|TAMS 0x0000000084c00000| PB 0x0000000084c00000| Complete  |  0
|   51|0x0000000084d00000, 0x0000000084e00000, 0x0000000084e00000|100%| E|CS|TAMS 0x0000000084d00000| PB 0x0000000084d00000| Complete  |  0
|   52|0x0000000084e00000, 0x0000000084f00000, 0x0000000084f00000|100%| E|CS|TAMS 0x0000000084e00000| PB 0x0000000084e00000| Complete  |  0
|   53|0x0000000084f00000, 0x0000000085000000, 0x0000000085000000|100%| E|CS|TAMS 0x0000000084f00000| PB 0x0000000084f00000| Complete  |  0
|   54|0x0000000085000000, 0x0000000085100000, 0x0000000085100000|100%| E|CS|TAMS 0x0000000085000000| PB 0x0000000085000000| Complete  |  0
| 2020|0x00000000ffe00000, 0x00000000fff00000, 0x00000000fff00000|100%| O|  |TAMS 0x00000000ffe00000| PB 0x00000000ffe00000| Untracked |  0
| 2021|0x00000000fff00000, 0x0000000100000000, 0x0000000100000000|100%| E|CS|TAMS 0x00000000fff00000| PB 0x00000000fff00000| Complete  |  0

Card table byte_map: [0x000002b74ba50000,0x000002b74be50000] _byte_map_base: 0x000002b74b643000
Refinement table byte_map: [0x000002b74b650000,0x000002b74ba50000] _byte_map_base: 0x000002b74b243000

Marking Bits: (CMBitMap*) 0x000002b73f2d1b20
 Bits: [0x000002b74be50000, 0x000002b74dde8000)

Polling page: 0x000002b73d0a0000

Metaspace:
Metaspace        used 29946K, committed 30336K, reserved 1114112K
 class space     used 4253K, committed 4416K, reserved 1048576K

Usage:
  Non-class:     25.09 MB used.
      Class:      4.15 MB used.
       Both:     29.24 MB used.

Virtual space:
  Non-class space:       64.00 MB reserved,      25.31 MB ( 40%) committed,  1 nodes.
      Class space:        1.00 GB reserved,       4.31 MB ( <1%) committed,  1 nodes.
             Both:        1.06 GB reserved,      29.62 MB (  3%) committed. 

Chunk freelists:
   Non-Class:  6.60 MB
       Class:  11.63 MB
        Both:  18.23 MB

MaxMetaspaceSize: unlimited
CompressedClassSpaceSize: 1.00 GB
Initial GC threshold: 21.00 MB
Current GC threshold: 35.25 MB
CDS: on
 - commit_granule_bytes: 65536.
 - commit_granule_words: 8192.
 - virtual_space_node_default_size: 8388608.
 - enlarge_chunks_in_place: 1.
UseCompressedClassPointers 1, UseCompactObjectHeaders 0
Narrow klass pointer bits 32, Max shift 3
Narrow klass base: 0x000000000f000000, Narrow klass shift: 0
Encoding Range: [0x000000000f000000 - 0x000000010f000000), (4294967296 bytes)
Klass Range:    [0x000000000f000000 - 0x0000000050000000), (1090519040 bytes)
Klass ID Range:  [8 - 1090519033) (1090519025)
Protection zone: [0x000000000f000000 - 0x000000000f010000), (65536 bytes)


Internal statistics:

num_allocs_failed_limit: 3.
num_arena_births: 494.
num_arena_deaths: 0.
num_vsnodes_births: 2.
num_vsnodes_deaths: 0.
num_space_committed: 474.
num_space_uncommitted: 0.
num_chunks_returned_to_freelist: 3.
num_chunks_taken_from_freelist: 1606.
num_chunk_merges: 3.
num_chunk_splits: 1100.
num_chunks_enlarged: 850.
num_inconsistent_stats: 0.

CodeCache: size=49152Kb used=5728Kb max_used=7085Kb free=43423Kb
 bounds [0x000002b747f20000, 0x000002b748610000, 0x000002b74af20000]
 total_blobs=4710, nmethods=4118, adapters=516, full_count=0
Compilation: enabled, stopped_count=0, restarted_count=0

Compilation events (20 events):
Event: 813.536 Thread 0x000002b750801fa0 4119   !   1       org.apache.catalina.core.StandardContext::getLoader (38 bytes)
Event: 813.537 Thread 0x000002b750801fa0 nmethod 4119 0x000002b748081f88 code [0x000002b748082080, 0x000002b7480823a0]
Event: 1123.828 Thread 0x000002b750801fa0 4120       1       org.apache.catalina.loader.WebappLoader::getClassLoader (5 bytes)
Event: 1123.830 Thread 0x000002b750801fa0 nmethod 4120 0x000002b748081c88 code [0x000002b748081d80, 0x000002b748081e38]
Event: 1193.845 Thread 0x000002b750801fa0 4121       1       org.apache.catalina.core.StandardContext::getThreadBindingListener (5 bytes)
Event: 1193.846 Thread 0x000002b750801fa0 nmethod 4121 0x000002b748081988 code [0x000002b748081a80, 0x000002b748081b38]
Event: 1213.845 Thread 0x000002b750801fa0 4122       1       org.apache.catalina.core.StandardContext::getInstanceManager (5 bytes)
Event: 1213.849 Thread 0x000002b750801fa0 nmethod 4122 0x000002b748081688 code [0x000002b748081780, 0x000002b748081838]
Event: 1273.805 Thread 0x000002b750801fa0 4123       1       jdk.internal.event.ThreadSleepEvent::isEnabled (2 bytes)
Event: 1273.806 Thread 0x000002b750801fa0 nmethod 4123 0x000002b748081388 code [0x000002b748081480, 0x000002b748081538]
Event: 1273.854 Thread 0x000002b750801fa0 4125       1       java.util.TreeMap$PrivateEntryIterator::<init> (33 bytes)
Event: 1273.859 Thread 0x000002b750801fa0 nmethod 4125 0x000002b748080d08 code [0x000002b748080e00, 0x000002b748081040]
Event: 1283.852 Thread 0x000002b750801fa0 4126       1       org.apache.catalina.loader.WebappLoader::getContext (5 bytes)
Event: 1283.853 Thread 0x000002b750801fa0 nmethod 4126 0x000002b748080a08 code [0x000002b748080b00, 0x000002b748080bb8]
Event: 1283.853 Thread 0x000002b750801fa0 4127       1       org.apache.catalina.core.StandardContext::getReloadable (5 bytes)
Event: 1283.853 Thread 0x000002b750801fa0 nmethod 4127 0x000002b748080708 code [0x000002b748080800, 0x000002b7480808c0]
Event: 1283.853 Thread 0x000002b750801fa0 4128       1       org.apache.catalina.core.StandardWrapper::getServlet (5 bytes)
Event: 1283.856 Thread 0x000002b750801fa0 nmethod 4128 0x000002b748080408 code [0x000002b748080500, 0x000002b7480805b8]
Event: 1325.922 Thread 0x000002b750801fa0 4129       1       java.lang.ClassLoader::getSystemClassLoader (79 bytes)
Event: 1325.926 Thread 0x000002b750801fa0 nmethod 4129 0x000002b748080108 code [0x000002b748080200, 0x000002b748080398]

GC Heap Usage History (20 events):
Event: 0.307 {heap Before GC invocations=1 (full 0):
 garbage-first heap   total reserved 2070528K, committed 10240K, used 4372K [0x0000000081a00000, 0x0000000100000000)
  region size 1M, 1 eden (1M), 1 survivor (1M), 4 old (4M), 0 humongous (0M), 4 free (4M)
}
Event: 0.309 {heap After GC invocations=2 (full 0):
 garbage-first heap   total reserved 2070528K, committed 10240K, used 3541K [0x0000000081a00000, 0x0000000100000000)
  region size 1M, 0 eden (0M), 1 survivor (1M), 4 old (4M), 0 humongous (0M), 5 free (5M)
}
Event: 0.414 {heap Before GC invocations=2 (full 0):
 garbage-first heap   total reserved 2070528K, committed 10240K, used 5589K [0x0000000081a00000, 0x0000000100000000)
  region size 1M, 2 eden (2M), 1 survivor (1M), 4 old (4M), 0 humongous (0M), 3 free (3M)
}
Event: 0.416 {heap After GC invocations=3 (full 0):
 garbage-first heap   total reserved 2070528K, committed 30720K, used 3582K [0x0000000081a00000, 0x0000000100000000)
  region size 1M, 0 eden (0M), 1 survivor (1M), 4 old (4M), 0 humongous (0M), 25 free (25M)
}
Event: 0.979 {heap Before GC invocations=4 (full 0):
 garbage-first heap   total reserved 2070528K, committed 30720K, used 16894K [0x0000000081a00000, 0x0000000100000000)
  region size 1M, 14 eden (14M), 1 survivor (1M), 4 old (4M), 0 humongous (0M), 11 free (11M)
}
Event: 0.984 {heap After GC invocations=5 (full 0):
 garbage-first heap   total reserved 2070528K, committed 30720K, used 5270K [0x0000000081a00000, 0x0000000100000000)
  region size 1M, 0 eden (0M), 2 survivor (2M), 4 old (4M), 0 humongous (0M), 24 free (24M)
}
Event: 1.360 {heap Before GC invocations=5 (full 0):
 garbage-first heap   total reserved 2070528K, committed 30720K, used 20630K [0x0000000081a00000, 0x0000000100000000)
  region size 1M, 15 eden (15M), 2 survivor (2M), 4 old (4M), 0 humongous (0M), 9 free (9M)
}
Event: 1.364 {heap After GC invocations=6 (full 0):
 garbage-first heap   total reserved 2070528K, committed 30720K, used 6350K [0x0000000081a00000, 0x0000000100000000)
  region size 1M, 0 eden (0M), 2 survivor (2M), 6 old (6M), 0 humongous (0M), 22 free (22M)
}
Event: 1.560 {heap Before GC invocations=6 (full 0):
 garbage-first heap   total reserved 2070528K, committed 30720K, used 20686K [0x0000000081a00000, 0x0000000100000000)
  region size 1M, 15 eden (15M), 2 survivor (2M), 6 old (6M), 0 humongous (0M), 7 free (7M)
}
Event: 1.563 {heap After GC invocations=7 (full 0):
 garbage-first heap   total reserved 2070528K, committed 30720K, used 7749K [0x0000000081a00000, 0x0000000100000000)
  region size 1M, 0 eden (0M), 3 survivor (3M), 6 old (6M), 0 humongous (0M), 21 free (21M)
}
Event: 1.879 {heap Before GC invocations=7 (full 0):
 garbage-first heap   total reserved 2070528K, committed 30720K, used 22085K [0x0000000081a00000, 0x0000000100000000)
  region size 1M, 15 eden (15M), 3 survivor (3M), 6 old (6M), 0 humongous (0M), 6 free (6M)
}
Event: 1.885 {heap After GC invocations=8 (full 0):
 garbage-first heap   total reserved 2070528K, committed 30720K, used 9187K [0x0000000081a00000, 0x0000000100000000)
  region size 1M, 0 eden (0M), 3 survivor (3M), 6 old (6M), 0 humongous (0M), 21 free (21M)
}
Event: 2.299 {heap Before GC invocations=8 (full 0):
 garbage-first heap   total reserved 2070528K, committed 30720K, used 24547K [0x0000000081a00000, 0x0000000100000000)
  region size 1M, 15 eden (15M), 3 survivor (3M), 6 old (6M), 0 humongous (0M), 6 free (6M)
}
Event: 2.307 {heap After GC invocations=9 (full 0):
 garbage-first heap   total reserved 2070528K, committed 30720K, used 11531K [0x0000000081a00000, 0x0000000100000000)
  region size 1M, 0 eden (0M), 3 survivor (3M), 9 old (9M), 0 humongous (0M), 18 free (18M)
}
Event: 2.556 {heap Before GC invocations=9 (full 0):
 garbage-first heap   total reserved 2070528K, committed 30720K, used 23819K [0x0000000081a00000, 0x0000000100000000)
  region size 1M, 13 eden (13M), 3 survivor (3M), 9 old (9M), 0 humongous (0M), 5 free (5M)
}
Event: 2.562 {heap After GC invocations=10 (full 0):
 garbage-first heap   total reserved 2070528K, committed 58368K, used 12503K [0x0000000081a00000, 0x0000000100000000)
  region size 1M, 0 eden (0M), 2 survivor (2M), 11 old (11M), 0 humongous (0M), 44 free (44M)
}
Event: 2.661 {heap Before GC invocations=10 (full 0):
 garbage-first heap   total reserved 2070528K, committed 58368K, used 14551K [0x0000000081a00000, 0x0000000100000000)
  region size 1M, 3 eden (3M), 2 survivor (2M), 11 old (11M), 0 humongous (0M), 41 free (41M)
}
Event: 2.665 {heap After GC invocations=11 (full 0):
 garbage-first heap   total reserved 2070528K, committed 58368K, used 12833K [0x0000000081a00000, 0x0000000100000000)
  region size 1M, 0 eden (0M), 2 survivor (2M), 11 old (11M), 0 humongous (0M), 44 free (44M)
}
Event: 134.076 {heap Before GC invocations=12 (full 0):
 garbage-first heap   total reserved 2070528K, committed 58368K, used 44577K [0x0000000081a00000, 0x0000000100000000)
  region size 1M, 32 eden (32M), 2 survivor (2M), 11 old (11M), 0 humongous (0M), 12 free (12M)
}
Event: 134.087 {heap After GC invocations=13 (full 0):
 garbage-first heap   total reserved 2070528K, committed 58368K, used 15892K [0x0000000081a00000, 0x0000000100000000)
  region size 1M, 0 eden (0M), 5 survivor (5M), 11 old (11M), 0 humongous (0M), 41 free (41M)
}

Metaspace Usage History (20 events):
Event: 0.307 {metaspace Before GC invocations=1 (full 0):
 Metaspace       used 1033K, committed 1152K, reserved 1114112K
  class space    used 92K, committed 128K, reserved 1048576K
}
Event: 0.309 {metaspace After GC invocations=2 (full 0):
 Metaspace       used 1033K, committed 1152K, reserved 1114112K
  class space    used 92K, committed 128K, reserved 1048576K
}
Event: 0.414 {metaspace Before GC invocations=2 (full 0):
 Metaspace       used 2039K, committed 2112K, reserved 1114112K
  class space    used 221K, committed 256K, reserved 1048576K
}
Event: 0.416 {metaspace After GC invocations=3 (full 0):
 Metaspace       used 2039K, committed 2112K, reserved 1114112K
  class space    used 221K, committed 256K, reserved 1048576K
}
Event: 0.979 {metaspace Before GC invocations=4 (full 0):
 Metaspace       used 6640K, committed 6848K, reserved 1114112K
  class space    used 865K, committed 960K, reserved 1048576K
}
Event: 0.984 {metaspace After GC invocations=5 (full 0):
 Metaspace       used 6640K, committed 6848K, reserved 1114112K
  class space    used 865K, committed 960K, reserved 1048576K
}
Event: 1.360 {metaspace Before GC invocations=5 (full 0):
 Metaspace       used 9368K, committed 9600K, reserved 1114112K
  class space    used 1331K, committed 1408K, reserved 1048576K
}
Event: 1.364 {metaspace After GC invocations=6 (full 0):
 Metaspace       used 9368K, committed 9600K, reserved 1114112K
  class space    used 1331K, committed 1408K, reserved 1048576K
}
Event: 1.560 {metaspace Before GC invocations=6 (full 0):
 Metaspace       used 13545K, committed 13824K, reserved 1114112K
  class space    used 1890K, committed 2048K, reserved 1048576K
}
Event: 1.563 {metaspace After GC invocations=7 (full 0):
 Metaspace       used 13545K, committed 13824K, reserved 1114112K
  class space    used 1890K, committed 2048K, reserved 1048576K
}
Event: 1.879 {metaspace Before GC invocations=7 (full 0):
 Metaspace       used 17086K, committed 17344K, reserved 1114112K
  class space    used 2398K, committed 2496K, reserved 1048576K
}
Event: 1.885 {metaspace After GC invocations=8 (full 0):
 Metaspace       used 17086K, committed 17344K, reserved 1114112K
  class space    used 2398K, committed 2496K, reserved 1048576K
}
Event: 2.299 {metaspace Before GC invocations=8 (full 0):
 Metaspace       used 18622K, committed 18880K, reserved 1114112K
  class space    used 2625K, committed 2752K, reserved 1048576K
}
Event: 2.307 {metaspace After GC invocations=9 (full 0):
 Metaspace       used 18622K, committed 18880K, reserved 1114112K
  class space    used 2625K, committed 2752K, reserved 1048576K
}
Event: 2.556 {metaspace Before GC invocations=9 (full 0):
 Metaspace       used 20637K, committed 20992K, reserved 1114112K
  class space    used 2956K, committed 3072K, reserved 1048576K
}
Event: 2.562 {metaspace After GC invocations=10 (full 0):
 Metaspace       used 20637K, committed 20992K, reserved 1114112K
  class space    used 2956K, committed 3072K, reserved 1048576K
}
Event: 2.661 {metaspace Before GC invocations=10 (full 0):
 Metaspace       used 21213K, committed 21504K, reserved 1114112K
  class space    used 3048K, committed 3200K, reserved 1048576K
}
Event: 2.665 {metaspace After GC invocations=11 (full 0):
 Metaspace       used 21213K, committed 21504K, reserved 1114112K
  class space    used 3048K, committed 3200K, reserved 1048576K
}
Event: 134.076 {metaspace Before GC invocations=12 (full 0):
 Metaspace       used 27878K, committed 28352K, reserved 1114112K
  class space    used 3956K, committed 4160K, reserved 1048576K
}
Event: 134.087 {metaspace After GC invocations=13 (full 0):
 Metaspace       used 27878K, committed 28352K, reserved 1114112K
  class space    used 3956K, committed 4160K, reserved 1048576K
}

Dll operation events (20 events):
Event: 0.138 Attempting to load shared library C:\Users\ricar_qp\.jdks\openjdk-26.0.1\bin\zip.dll
Event: 0.139 Loaded shared library C:\Users\ricar_qp\.jdks\openjdk-26.0.1\bin\zip.dll
Event: 0.144 Attempting to load shared library C:\Users\ricar_qp\.jdks\openjdk-26.0.1\bin\instrument.dll
Event: 0.144 Loaded shared library C:\Users\ricar_qp\.jdks\openjdk-26.0.1\bin\instrument.dll
Event: 0.150 Attempting to load shared library C:\Users\ricar_qp\.jdks\openjdk-26.0.1\bin\net.dll
Event: 0.151 Loaded shared library C:\Users\ricar_qp\.jdks\openjdk-26.0.1\bin\net.dll
Event: 0.154 Attempting to load shared library C:\Users\ricar_qp\.jdks\openjdk-26.0.1\bin\nio.dll
Event: 0.154 Loaded shared library C:\Users\ricar_qp\.jdks\openjdk-26.0.1\bin\nio.dll
Event: 0.158 Attempting to load shared library C:\Users\ricar_qp\.jdks\openjdk-26.0.1\bin\zip.dll
Event: 0.158 Loaded shared library C:\Users\ricar_qp\.jdks\openjdk-26.0.1\bin\zip.dll
Event: 0.251 Attempting to load shared library C:\Users\ricar_qp\.jdks\openjdk-26.0.1\bin\extnet.dll
Event: 0.251 Loaded shared library C:\Users\ricar_qp\.jdks\openjdk-26.0.1\bin\extnet.dll
Event: 0.291 Attempting to load shared library C:\Users\ricar_qp\.jdks\openjdk-26.0.1\bin\jimage.dll
Event: 0.291 Loaded shared library C:\Users\ricar_qp\.jdks\openjdk-26.0.1\bin\jimage.dll
Event: 1.706 Attempting to load shared library C:\Users\ricar_qp\.jdks\openjdk-26.0.1\bin\sunmscapi.dll
Event: 1.710 Loaded shared library C:\Users\ricar_qp\.jdks\openjdk-26.0.1\bin\sunmscapi.dll
Event: 2.803 Attempting to load shared library C:\Users\ricar_qp\.jdks\openjdk-26.0.1\bin\management.dll
Event: 2.803 Loaded shared library C:\Users\ricar_qp\.jdks\openjdk-26.0.1\bin\management.dll
Event: 2.805 Attempting to load shared library C:\Users\ricar_qp\.jdks\openjdk-26.0.1\bin\management_ext.dll
Event: 2.806 Loaded shared library C:\Users\ricar_qp\.jdks\openjdk-26.0.1\bin\management_ext.dll

Deoptimization events (6 events):
Event: 1.118 Thread 0x000002b73f2935b0 DEOPT PACKING pc=0x000002b74827a9ac sp=0x000000bfac6fca80
Event: 1.118 Thread 0x000002b73f2935b0 DEOPT UNPACKING pc=0x000002b747f71a02 sp=0x000000bfac6fbf78 mode 0
Event: 2.971 Thread 0x000002b755e60f50 DEOPT PACKING pc=0x000002b748471fd1 sp=0x000000bfae5feed0
Event: 2.971 Thread 0x000002b755e60f50 DEOPT UNPACKING pc=0x000002b747f71a02 sp=0x000000bfae5fe328 mode 3
Event: 2.977 Thread 0x000002b755e5f6d0 DEOPT PACKING pc=0x000002b7482cf9d6 sp=0x000000bfae0ff130
Event: 2.977 Thread 0x000002b755e5f6d0 DEOPT UNPACKING pc=0x000002b747f71a02 sp=0x000000bfae0fe5c8 mode 3

Classes loaded (20 events):
Event: 134.154 Loading class java/util/stream/DoubleStream
Event: 134.155 Loading class java/util/stream/DoubleStream done
Event: 134.158 Loading class org/w3c/dom/Node
Event: 134.159 Loading class org/w3c/dom/Node done
Event: 134.159 Loading class org/w3c/dom/Document
Event: 134.159 Loading class org/w3c/dom/Document done
Event: 134.212 Loading class sun/nio/cs/ISO_8859_1$Encoder
Event: 134.217 Loading class sun/nio/cs/ISO_8859_1$Encoder done
Event: 138.370 Loading class java/io/PushbackInputStream
Event: 138.371 Loading class java/io/PushbackInputStream done
Event: 138.505 Loading class java/math/BigInteger$RecursiveOp
Event: 138.506 Loading class java/util/concurrent/RecursiveTask
Event: 138.506 Loading class java/util/concurrent/RecursiveTask done
Event: 138.506 Loading class java/math/BigInteger$RecursiveOp done
Event: 138.506 Loading class java/math/BigInteger$RecursiveOp$RecursiveSquare
Event: 138.506 Loading class java/math/BigInteger$RecursiveOp$RecursiveSquare done
Event: 138.550 Loading class java/lang/invoke/MethodHandleImpl$WrappedMember
Event: 138.551 Loading class java/lang/invoke/MethodHandleImpl$WrappedMember done
Event: 1325.909 Loading class jdk/internal/misc/Signal$1
Event: 1325.918 Loading class jdk/internal/misc/Signal$1 done

Classes unloaded (0 events):
No events

Classes redefined (0 events):
No events

Internal exceptions (20 events):
Event: 3.057 Thread 0x000002b73f2935b0 Exception <a 'java/lang/NoSuchMethodError'{0x0000000084352c00}: 'java.lang.Object java.lang.invoke.DirectMethodHandle$Holder.newInvokeSpecial(java.lang.Object, java.lang.Object, java.lang.Object, java.lang.Object, java.lang.Object, java.lang.Object, java.lang.Object, java.lang.Object, java.lang.Object, java.lang.Object, java.lang.Object)'> (0x0000000084352c00) 
thrown [s\open\src\hotspot\share\interpreter\linkResolver.cpp, line 804]
Event: 3.106 Thread 0x000002b73f2935b0 Exception <a 'java/lang/NoSuchMethodError'{0x0000000084132fc8}: 'java.lang.Object java.lang.invoke.DirectMethodHandle$Holder.invokeVirtual(java.lang.Object, java.lang.Object, java.lang.Object, java.lang.Object)'> (0x0000000084132fc8) 
thrown [s\open\src\hotspot\share\interpreter\linkResolver.cpp, line 804]
Event: 3.126 Thread 0x000002b73f2935b0 Exception <a 'java/lang/NoSuchMethodError'{0x00000000841d5660}: 'java.lang.Object java.lang.invoke.DirectMethodHandle$Holder.invokeVirtual(java.lang.Object, java.lang.Object, java.lang.Object, int)'> (0x00000000841d5660) 
thrown [s\open\src\hotspot\share\interpreter\linkResolver.cpp, line 804]
Event: 3.151 Thread 0x000002b73f2935b0 Exception <a 'java/lang/NoSuchMethodError'{0x0000000083f5d310}: 'java.lang.Object java.lang.invoke.DirectMethodHandle$Holder.invokeVirtual(java.lang.Object, java.lang.Object, int)'> (0x0000000083f5d310) 
thrown [s\open\src\hotspot\share\interpreter\linkResolver.cpp, line 804]
Event: 3.242 Thread 0x000002b73f2935b0 Exception <a 'java/lang/IncompatibleClassChangeError'{0x0000000083b00318}: Found class java.lang.Object, but interface was expected> (0x0000000083b00318) 
thrown [s\open\src\hotspot\share\interpreter\linkResolver.cpp, line 871]
Event: 3.332 Thread 0x000002b73f2935b0 Exception <a 'java/lang/NoSuchMethodError'{0x00000000839f8430}: 'int java.lang.invoke.DirectMethodHandle$Holder.invokeStaticInit(java.lang.Object, java.lang.Object, java.lang.Object, java.lang.Object)'> (0x00000000839f8430) 
thrown [s\open\src\hotspot\share\interpreter\linkResolver.cpp, line 804]
Event: 3.380 Thread 0x000002b73f2935b0 Exception <a 'java/lang/NoSuchMethodError'{0x00000000837ef018}: 'java.lang.Object java.lang.invoke.DirectMethodHandle$Holder.newInvokeSpecial(java.lang.Object, java.lang.Object, int, java.lang.Object, java.lang.Object)'> (0x00000000837ef018) 
thrown [s\open\src\hotspot\share\interpreter\linkResolver.cpp, line 804]
Event: 3.380 Thread 0x000002b73f2935b0 Exception <a 'java/lang/NoSuchMethodError'{0x00000000837ff520}: 'java.lang.Object java.lang.invoke.Invokers$Holder.linkToTargetMethod(java.lang.Object, int, java.lang.Object, java.lang.Object, java.lang.Object)'> (0x00000000837ff520) 
thrown [s\open\src\hotspot\share\interpreter\linkResolver.cpp, line 804]
Event: 133.872 Thread 0x000002b755fe17d0 Exception <a 'java/lang/NoSuchMethodError'{0x00000000834c11c8}: 'java.lang.Object java.lang.invoke.DirectMethodHandle$Holder.invokeStatic(java.lang.Object, java.lang.Object, java.lang.Object, int, int)'> (0x00000000834c11c8) 
thrown [s\open\src\hotspot\share\interpreter\linkResolver.cpp, line 804]
Event: 133.877 Thread 0x000002b755fe17d0 Exception <a 'java/lang/NoSuchMethodError'{0x00000000834c9170}: 'java.lang.Object java.lang.invoke.DirectMethodHandle$Holder.invokeStaticInit(java.lang.Object, java.lang.Object, java.lang.Object, int, int)'> (0x00000000834c9170) 
thrown [s\open\src\hotspot\share\interpreter\linkResolver.cpp, line 804]
Event: 133.949 Thread 0x000002b755fcc2f0 Exception <a 'java/lang/NoSuchMethodError'{0x000000008327b068}: 'java.lang.Object java.lang.invoke.DirectMethodHandle$Holder.invokeSpecial(java.lang.Object, java.lang.Object, java.lang.Object, java.lang.Object, java.lang.Object, long)'> (0x000000008327b068) 
thrown [s\open\src\hotspot\share\interpreter\linkResolver.cpp, line 804]
Event: 133.950 Thread 0x000002b755fcc2f0 Exception <a 'java/lang/NoSuchMethodError'{0x00000000832839d0}: 'java.lang.Object java.lang.invoke.DirectMethodHandle$Holder.invokeSpecial(java.lang.Object, java.lang.Object, java.lang.Object, java.lang.Object, java.lang.Object, java.lang.Object, long)'> (0x00000000832839d0) 
thrown [s\open\src\hotspot\share\interpreter\linkResolver.cpp, line 804]
Event: 133.951 Thread 0x000002b755fcc2f0 Exception <a 'java/lang/NoSuchMethodError'{0x000000008328bd80}: 'java.lang.Object java.lang.invoke.DelegatingMethodHandle$Holder.reinvoke_L(java.lang.Object, java.lang.Object, java.lang.Object, java.lang.Object, java.lang.Object, long)'> (0x000000008328bd80) 
thrown [s\open\src\hotspot\share\interpreter\linkResolver.cpp, line 804]
Event: 133.952 Thread 0x000002b755fcc2f0 Exception <a 'java/lang/NoSuchMethodError'{0x000000008329c198}: 'java.lang.Object java.lang.invoke.Invokers$Holder.linkToTargetMethod(java.lang.Object, java.lang.Object, java.lang.Object, long, java.lang.Object)'> (0x000000008329c198) 
thrown [s\open\src\hotspot\share\interpreter\linkResolver.cpp, line 804]
Event: 134.103 Thread 0x000002b755fccaa0 Exception <a 'java/lang/NoSuchMethodError'{0x00000000fff5f828}: 'int java.lang.invoke.DirectMethodHandle$Holder.invokeVirtual(java.lang.Object, java.lang.Object, java.lang.Object)'> (0x00000000fff5f828) 
thrown [s\open\src\hotspot\share\interpreter\linkResolver.cpp, line 804]
Event: 134.202 Thread 0x000002b755fccaa0 Exception <a 'java/lang/NoSuchMethodError'{0x0000000084fb0d88}: 'double java.lang.invoke.DirectMethodHandle$Holder.invokeVirtual(java.lang.Object, java.lang.Object)'> (0x0000000084fb0d88) 
thrown [s\open\src\hotspot\share\interpreter\linkResolver.cpp, line 804]
Event: 134.203 Thread 0x000002b755fccaa0 Exception <a 'java/lang/NoSuchMethodError'{0x0000000084fc1b28}: 'double java.lang.invoke.DelegatingMethodHandle$Holder.reinvoke_L(java.lang.Object, java.lang.Object)'> (0x0000000084fc1b28) 
thrown [s\open\src\hotspot\share\interpreter\linkResolver.cpp, line 804]
Event: 138.549 Thread 0x000002b755fcd250 Exception <a 'java/lang/NoSuchMethodError'{0x0000000084a5baa8}: 'java.lang.Object java.lang.invoke.DirectMethodHandle$Holder.newInvokeSpecial(java.lang.Object, java.lang.Object, java.lang.Object, double)'> (0x0000000084a5baa8) 
thrown [s\open\src\hotspot\share\interpreter\linkResolver.cpp, line 804]
Event: 138.550 Thread 0x000002b755fcd250 Exception <a 'java/lang/NoSuchMethodError'{0x0000000084a64718}: 'java.lang.Object java.lang.invoke.Invokers$Holder.invoker(java.lang.Object, java.lang.Object, java.lang.Object, java.lang.Object, java.lang.Object)'> (0x0000000084a64718) 
thrown [s\open\src\hotspot\share\interpreter\linkResolver.cpp, line 804]
Event: 138.553 Thread 0x000002b755fcd250 Exception <a 'java/lang/NoSuchMethodError'{0x0000000084a87670}: 'double java.lang.invoke.DelegatingMethodHandle$Holder.reinvoke_L(java.lang.Object, java.lang.Object, int)'> (0x0000000084a87670) 
thrown [s\open\src\hotspot\share\interpreter\linkResolver.cpp, line 804]

VM Operations (20 events):
Event: 60.222 Executing non-safepoint VM operation: HandshakeAllThreads (DeflationHandshakeClosure)
Event: 60.222 Executing non-safepoint VM operation: HandshakeAllThreads (DeflationHandshakeClosure) done
Event: 60.222 Executing non-safepoint VM operation: RendezvousGCThreads
Event: 60.222 Executing non-safepoint VM operation: RendezvousGCThreads done
Event: 134.076 Executing safepoint VM operation: G1CollectForAllocation (G1 Evacuation Pause)
Event: 134.087 Executing safepoint VM operation: G1CollectForAllocation (G1 Evacuation Pause) done
Event: 134.095 Executing non-safepoint VM operation: HandshakeAllThreads (Deoptimize)
Event: 134.095 Executing non-safepoint VM operation: HandshakeAllThreads (Deoptimize) done
Event: 134.174 Executing non-safepoint VM operation: HandshakeAllThreads (Deoptimize)
Event: 134.174 Executing non-safepoint VM operation: HandshakeAllThreads (Deoptimize) done
Event: 134.218 Executing non-safepoint VM operation: HandshakeAllThreads (Deoptimize)
Event: 134.218 Executing non-safepoint VM operation: HandshakeAllThreads (Deoptimize) done
Event: 180.634 Executing non-safepoint VM operation: HandshakeAllThreads (DeflationHandshakeClosure)
Event: 180.635 Executing non-safepoint VM operation: HandshakeAllThreads (DeflationHandshakeClosure) done
Event: 180.635 Executing non-safepoint VM operation: RendezvousGCThreads
Event: 180.635 Executing non-safepoint VM operation: RendezvousGCThreads done
Event: 360.980 Executing non-safepoint VM operation: HandshakeAllThreads (DeflationHandshakeClosure)
Event: 360.980 Executing non-safepoint VM operation: HandshakeAllThreads (DeflationHandshakeClosure) done
Event: 360.980 Executing non-safepoint VM operation: RendezvousGCThreads
Event: 360.980 Executing non-safepoint VM operation: RendezvousGCThreads done

Memory protections (0 events):
No events

Nmethod flushes (11 events):
Event: 2.681 Thread 0x000002b7507b2ea0 flushing  nmethod 0x000002b7480d7288
Event: 2.681 Thread 0x000002b7507b2ea0 flushing  nmethod 0x000002b74811ba08
Event: 2.681 Thread 0x000002b7507b2ea0 flushing  nmethod 0x000002b74811bd08
Event: 2.681 Thread 0x000002b7507b2ea0 flushing  nmethod 0x000002b74811c088
Event: 2.681 Thread 0x000002b7507b2ea0 flushing  nmethod 0x000002b74812f688
Event: 2.681 Thread 0x000002b7507b2ea0 flushing  nmethod 0x000002b748158288
Event: 2.681 Thread 0x000002b7507b2ea0 flushing  nmethod 0x000002b748045b88
Event: 2.681 Thread 0x000002b7507b2ea0 flushing  nmethod 0x000002b74811c388
Event: 2.681 Thread 0x000002b7507b2ea0 flushing  nmethod 0x000002b74811c708
Event: 2.681 Thread 0x000002b7507b2ea0 flushing  nmethod 0x000002b74811d908
Event: 2.681 Thread 0x000002b7507b2ea0 flushing  nmethod 0x000002b74812ee88

Events (20 events):
Event: 2.956 Thread 0x000002b73f2935b0 Thread added: 0x000002b755e60f50
Event: 2.961 Thread 0x000002b73f2935b0 Thread added: 0x000002b755e61700
Event: 3.387 Thread 0x000002b73f2935b0 Thread added: 0x000002b755fcc2f0
Event: 3.387 Thread 0x000002b73f2935b0 Thread added: 0x000002b755fccaa0
Event: 3.387 Thread 0x000002b73f2935b0 Thread added: 0x000002b755fcd250
Event: 3.387 Thread 0x000002b73f2935b0 Thread added: 0x000002b755fcda00
Event: 3.387 Thread 0x000002b73f2935b0 Thread added: 0x000002b75570f560
Event: 3.387 Thread 0x000002b73f2935b0 Thread added: 0x000002b75570fd30
Event: 3.387 Thread 0x000002b73f2935b0 Thread added: 0x000002b755fd5170
Event: 3.388 Thread 0x000002b73f2935b0 Thread added: 0x000002b755fdd950
Event: 3.388 Thread 0x000002b73f2935b0 Thread added: 0x000002b755fdb240
Event: 3.388 Thread 0x000002b73f2935b0 Thread added: 0x000002b755fdba10
Event: 3.400 Thread 0x000002b73f2935b0 Thread added: 0x000002b755fe0830
Event: 3.401 Thread 0x000002b73f2935b0 Thread added: 0x000002b755fe17d0
Event: 3.411 Thread 0x000002b73f2935b0 Thread exited: 0x000002b73f2935b0
Event: 3.411 Thread 0x000002b755fe2770 Thread added: 0x000002b755fe2770
Event: 8.411 Thread 0x000002b755927470 Thread exited: 0x000002b755927470
Event: 8.411 Thread 0x000002b755589b40 Thread exited: 0x000002b755589b40
Event: 12.403 Thread 0x000002b750870490 Thread exited: 0x000002b750870490
Event: 1325.927 Thread 0x000002b7507cc2a0 Thread added: 0x000002b755fd3a00


Dynamic libraries:
0x00007ff748c30000 - 0x00007ff748c3e000 	C:\Users\ricar_qp\.jdks\openjdk-26.0.1\bin\java.exe
0x00007ffb9d2e0000 - 0x00007ffb9d547000 	C:\WINDOWS\SYSTEM32\ntdll.dll
0x00007ffb9c820000 - 0x00007ffb9c8e9000 	C:\WINDOWS\System32\KERNEL32.DLL
0x00007ffb9a880000 - 0x00007ffb9ac77000 	C:\WINDOWS\System32\KERNELBASE.dll
0x00007ffb975a0000 - 0x00007ffb97640000 	C:\WINDOWS\SYSTEM32\apphelp.dll
0x00007ffb99e90000 - 0x00007ffb99fdb000 	C:\WINDOWS\System32\ucrtbase.dll
0x00007ffb84a50000 - 0x00007ffb84a67000 	C:\Users\ricar_qp\.jdks\openjdk-26.0.1\bin\jli.dll
0x00007ffb874e0000 - 0x00007ffb874fe000 	C:\Users\ricar_qp\.jdks\openjdk-26.0.1\bin\VCRUNTIME140.dll
0x00007ffb9ca90000 - 0x00007ffb9cc56000 	C:\WINDOWS\System32\USER32.dll
0x00007ffb88520000 - 0x00007ffb887b2000 	C:\WINDOWS\WinSxS\amd64_microsoft.windows.common-controls_6595b64144ccf1df_6.0.26100.8328_none_3e08182ce334b678\COMCTL32.dll
0x00007ffb9a850000 - 0x00007ffb9a877000 	C:\WINDOWS\System32\win32u.dll
0x00007ffb9b060000 - 0x00007ffb9b109000 	C:\WINDOWS\System32\msvcrt.dll
0x00007ffb9b890000 - 0x00007ffb9b8bb000 	C:\WINDOWS\System32\GDI32.dll
0x00007ffb9af30000 - 0x00007ffb9b05c000 	C:\WINDOWS\System32\gdi32full.dll
0x00007ffb9adf0000 - 0x00007ffb9ae93000 	C:\WINDOWS\System32\msvcp_win.dll
0x00007ffb9ba20000 - 0x00007ffb9ba52000 	C:\WINDOWS\System32\IMM32.DLL
0x00007ffb89b40000 - 0x00007ffb89b4c000 	C:\Users\ricar_qp\.jdks\openjdk-26.0.1\bin\vcruntime140_1.dll
0x00007ffb31e10000 - 0x00007ffb31e9d000 	C:\Users\ricar_qp\.jdks\openjdk-26.0.1\bin\msvcp140.dll
0x00007ffa9d010000 - 0x00007ffa9dede000 	C:\Users\ricar_qp\.jdks\openjdk-26.0.1\bin\server\jvm.dll
0x00007ffb9cd80000 - 0x00007ffb9ce36000 	C:\WINDOWS\System32\ADVAPI32.dll
0x00007ffb9be50000 - 0x00007ffb9bef7000 	C:\WINDOWS\System32\sechost.dll
0x00007ffb9cc60000 - 0x00007ffb9cd78000 	C:\WINDOWS\System32\RPCRT4.dll
0x00007ffb9d170000 - 0x00007ffb9d1f0000 	C:\WINDOWS\System32\WS2_32.dll
0x00007ffb91ec0000 - 0x00007ffb91ef6000 	C:\WINDOWS\SYSTEM32\WINMM.dll
0x00007ffb939e0000 - 0x00007ffb939eb000 	C:\WINDOWS\SYSTEM32\VERSION.dll
0x00007ffb99b70000 - 0x00007ffb99bce000 	C:\WINDOWS\SYSTEM32\POWRPROF.dll
0x00007ffb99b50000 - 0x00007ffb99b64000 	C:\WINDOWS\SYSTEM32\UMPDC.dll
0x00007ffb98a60000 - 0x00007ffb98a7b000 	C:\WINDOWS\SYSTEM32\kernel.appcore.dll
0x00007ffb819f0000 - 0x00007ffb819fa000 	C:\Users\ricar_qp\.jdks\openjdk-26.0.1\bin\jimage.dll
0x00007ffb88b60000 - 0x00007ffb88da2000 	C:\WINDOWS\SYSTEM32\DBGHELP.DLL
0x00007ffb9bac0000 - 0x00007ffb9be43000 	C:\WINDOWS\System32\combase.dll
0x00007ffb9c420000 - 0x00007ffb9c4f9000 	C:\WINDOWS\System32\OLEAUT32.dll
0x00007ffb87b90000 - 0x00007ffb87bcb000 	C:\WINDOWS\SYSTEM32\dbgcore.DLL
0x00007ffb9ad40000 - 0x00007ffb9ade8000 	C:\WINDOWS\System32\bcryptPrimitives.dll
0x00007ffb5d4e0000 - 0x00007ffb5d4f0000 	C:\Users\ricar_qp\.jdks\openjdk-26.0.1\bin\instrument.dll
0x00007ffb31df0000 - 0x00007ffb31e0f000 	C:\Users\ricar_qp\.jdks\openjdk-26.0.1\bin\java.dll
0x00007ffb9c8f0000 - 0x00007ffb9ca87000 	C:\WINDOWS\System32\ole32.dll
0x00007ffb9b110000 - 0x00007ffb9b87e000 	C:\WINDOWS\System32\SHELL32.dll
0x00007ffb99fe0000 - 0x00007ffb9a84c000 	C:\WINDOWS\System32\windows.storage.dll
0x00007ffb9c710000 - 0x00007ffb9c806000 	C:\WINDOWS\System32\SHCORE.dll
0x00007ffb9bf00000 - 0x00007ffb9bf66000 	C:\WINDOWS\System32\shlwapi.dll
0x00007ffb99c30000 - 0x00007ffb99c59000 	C:\WINDOWS\SYSTEM32\profapi.dll
0x00007ffb31dd0000 - 0x00007ffb31de7000 	C:\Users\ricar_qp\.jdks\openjdk-26.0.1\bin\zip.dll
0x00007ffb31db0000 - 0x00007ffb31dc2000 	C:\Users\ricar_qp\.jdks\openjdk-26.0.1\bin\net.dll
0x00007ffb98fb0000 - 0x00007ffb9901c000 	C:\WINDOWS\system32\mswsock.dll
0x00007ffb31d90000 - 0x00007ffb31da6000 	C:\Users\ricar_qp\.jdks\openjdk-26.0.1\bin\nio.dll
0x00007ffb5c570000 - 0x00007ffb5c579000 	C:\Users\ricar_qp\.jdks\openjdk-26.0.1\bin\extnet.dll
0x00007ffb5c100000 - 0x00007ffb5c10e000 	C:\Users\ricar_qp\.jdks\openjdk-26.0.1\bin\sunmscapi.dll
0x00007ffb99d10000 - 0x00007ffb99e88000 	C:\WINDOWS\System32\CRYPT32.dll
0x00007ffb99510000 - 0x00007ffb99540000 	C:\WINDOWS\SYSTEM32\ncrypt.dll
0x00007ffb994c0000 - 0x00007ffb994ff000 	C:\WINDOWS\SYSTEM32\NTASN1.dll
0x00007ffb993b0000 - 0x00007ffb993cb000 	C:\WINDOWS\SYSTEM32\CRYPTSP.dll
0x00007ffb989c0000 - 0x00007ffb989f9000 	C:\WINDOWS\system32\rsaenh.dll
0x00007ffb99060000 - 0x00007ffb99093000 	C:\WINDOWS\SYSTEM32\USERENV.dll
0x00007ffb99c00000 - 0x00007ffb99c2a000 	C:\WINDOWS\SYSTEM32\bcrypt.dll
0x00007ffb99210000 - 0x00007ffb9921c000 	C:\WINDOWS\SYSTEM32\CRYPTBASE.dll
0x00007ffb98450000 - 0x00007ffb98482000 	C:\WINDOWS\SYSTEM32\IPHLPAPI.DLL
0x00007ffb9c810000 - 0x00007ffb9c81a000 	C:\WINDOWS\System32\NSI.dll
0x00007ffb5ae10000 - 0x00007ffb5ae1a000 	C:\Users\ricar_qp\.jdks\openjdk-26.0.1\bin\management.dll
0x00007ffb59cf0000 - 0x00007ffb59cfc000 	C:\Users\ricar_qp\.jdks\openjdk-26.0.1\bin\management_ext.dll
0x00007ffb9c610000 - 0x00007ffb9c618000 	C:\WINDOWS\System32\PSAPI.DLL
0x00007ffb65270000 - 0x00007ffb65278000 	C:\WINDOWS\system32\wshunix.dll

JVMTI agents:
C:\Program Files\JetBrains\IntelliJ IDEA 2026.1.1\lib\idea_rt.jar path:C:\Users\ricar_qp\.jdks\openjdk-26.0.1\bin\instrument.dll, loaded, initialized, instrumentlib options:52242

dbghelp: loaded successfully - version: 4.0.5 - missing functions: none
symbol engine: initialized successfully - sym options: 0x614 - pdb path: .;C:\Users\ricar_qp\.jdks\openjdk-26.0.1\bin;C:\WINDOWS\SYSTEM32;C:\WINDOWS\WinSxS\amd64_microsoft.windows.common-controls_6595b64144ccf1df_6.0.26100.8328_none_3e08182ce334b678;C:\Users\ricar_qp\.jdks\openjdk-26.0.1\bin\server

VM Arguments:
jvm_args: -XX:TieredStopAtLevel=1 -Dspring.output.ansi.enabled=always -javaagent:C:\Program Files\JetBrains\IntelliJ IDEA 2026.1.1\lib\idea_rt.jar=52242 -Dfile.encoding=UTF-8 -Dsun.stdout.encoding=UTF-8 -Dsun.stderr.encoding=UTF-8 
java_command: com.frohlich.apiexemplo1.Apiexemplo1Application
java_class_path (initial): C:\Users\ricar_qp\apiexemplo1\target\classes;C:\Users\ricar_qp\.m2\repository\org\springframework\boot\spring-boot-starter-webmvc\4.0.6\spring-boot-starter-webmvc-4.0.6.jar;C:\Users\ricar_qp\.m2\repository\org\springframework\boot\spring-boot-starter\4.0.6\spring-boot-starter-4.0.6.jar;C:\Users\ricar_qp\.m2\repository\org\springframework\boot\spring-boot-starter-logging\4.0.6\spring-boot-starter-logging-4.0.6.jar;C:\Users\ricar_qp\.m2\repository\ch\qos\logback\logback-classic\1.5.32\logback-classic-1.5.32.jar;C:\Users\ricar_qp\.m2\repository\ch\qos\logback\logback-core\1.5.32\logback-core-1.5.32.jar;C:\Users\ricar_qp\.m2\repository\org\apache\logging\log4j\log4j-to-slf4j\2.25.4\log4j-to-slf4j-2.25.4.jar;C:\Users\ricar_qp\.m2\repository\org\apache\logging\log4j\log4j-api\2.25.4\log4j-api-2.25.4.jar;C:\Users\ricar_qp\.m2\repository\org\slf4j\jul-to-slf4j\2.0.17\jul-to-slf4j-2.0.17.jar;C:\Users\ricar_qp\.m2\repository\org\springframework\boot\spring-boot-autoconfigure\4.0.6\spring-boot-autoconfigure-4.0.6.jar;C:\Users\ricar_qp\.m2\repository\jakarta\annotation\jakarta.annotation-api\3.0.0\jakarta.annotation-api-3.0.0.jar;C:\Users\ricar_qp\.m2\repository\org\yaml\snakeyaml\2.5\snakeyaml-2.5.jar;C:\Users\ricar_qp\.m2\repository\org\springframework\boot\spring-boot-starter-jackson\4.0.6\spring-boot-starter-jackson-4.0.6.jar;C:\Users\ricar_qp\.m2\repository\org\springframework\boot\spring-boot-jackson\4.0.6\spring-boot-jackson-4.0.6.jar;C:\Users\ricar_qp\.m2\repository\tools\jackson\core\jackson-databind\3.1.2\jackson-databind-3.1.2.jar;C:\Users\ricar_qp\.m2\repository\com\fasterxml\jackson\core\jackson-annotations\2.21\jackson-annotations-2.21.jar;C:\Users\ricar_qp\.m2\repository\tools\jackson\core\jackson-core\3.1.2\jackson-core-3.1.2.jar;C:\Users\ricar_qp\.m2\repository\org\springframework\boot\spring-boot-starter-tomcat\4.0.6\spring-boot-starter-tomcat-4.0.6.jar;C:\Users\ricar_qp\.m2\repository\org\springframework\boot\spring-boot-starter-tomcat-runtime\4.0.6\spring-boot-starter-tomcat-runtime-4.0.6.jar;C:\Users\ricar_qp\.m2\repository\org\apache\tomcat\embed\tomcat-embed-core\11.0.21\tomcat-embed-core-11.0.21.jar;C:\Users\ricar_qp\.m2\repository\org\apache\tomcat\embed\tomcat-embed-el\11.0.21\tomcat-embed-el-11.0.21.jar;C:\Users\ricar_qp\.m2\repository\org\apache\tomcat\embed\tomcat-embed-websocket\11.0.21\tomcat-embed-websocket-11.0.21.jar;C:\Users\ricar_qp\.m2\repository\org\springframework\boot\spring-boot-tomcat\4.0.6\spring-boot-tomcat-4.0.6.jar;C:\Users\ricar_qp\.m2\repository\org\springframework\boot\spring-boot-http-converter\4.0.6\spring-boot-http-converter-4.0.6.jar;C:\Users\ricar_qp\.m2\repository\org\springframework\boot\spring-boot\4.0.6\spring-boot-4.0.6.jar;C:\Users\ricar_qp\.m2\repository\org\springframework\spring-context\7.0.7\spring-context-7.0.7.jar;C:\Users\ricar_qp\.m2\repository\org\springframework\spring-web\7.0.7\spring-web-7.0.7.jar;C:\Users\ricar_qp\.m2\repository\org\springframework\spring-beans\7.0.7\spring-beans-7.0.7.jar;C:\Users\ricar_qp\.m2\repository\io\micrometer\micrometer-observation\1.16.5\micrometer-observation-1.16.5.jar;C:\Users\ricar_qp\.m2\repository\io\micrometer\micrometer-commons\1.16.5\micrometer-commons-1.16.5.jar;C:\Users\ricar_qp\.m2\repository\org\springframework\boot\spring-boot-webmvc\4.0.6\spring-boot-webmvc-4.0.6.jar;C:\Users\ricar_qp\.m2\repository\org\springframework\boot\spring-boot-servlet\4.0.6\spring-boot-servlet-4.0.6.jar;C:\Users\ricar_qp\.m2\repository\org\springframework\spring-webmvc\7.0.7\spring-webmvc-7.0.7.jar;C:\Users\ricar_qp\.m2\repository\org\springframework\spring-aop\7.0.7\spring-aop-7.0.7.jar;C:\Users\ricar_qp\.m2\repository\org\springframework\spring-expression\7.0.7\spring-expression-7.0.7.jar;C:\Users\ricar_qp\.m2\repository\org\slf4j\slf4j-api\2.0.17\slf4j-api-2.0.17.jar;C:\Users\ricar_qp\.m2\repository\org\springframework\spring-core\7.0.7\spring-core-7.0.7.jar;C:\Users\ricar_qp\.m2\repository\commons-logging\commons-logging\1.3.6\commons-logging-1.3.6.jar;C:\Users\ricar_qp\.m2\repository\org\jspecify\jspecify\1.0.0\jspecify-1.0.0.jar;C:\Users\ricar_qp\.m2\repository\org\springframework\boot\spring-boot-web-server\4.0.6\spring-boot-web-server-4.0.6.jar
Launcher Type: SUN_STANDARD

[Global flags]
     bool AOTAdapterCaching                        = false                                  {diagnostic} {ergonomic}
     bool AOTInvokeDynamicLinking                  = false                                  {diagnostic} {ergonomic}
     bool AOTRecordTraining                        = false                                  {diagnostic} {ergonomic}
     bool AOTReplayTraining                        = false                                  {diagnostic} {ergonomic}
     bool AOTStubCaching                           = false                                  {diagnostic} {ergonomic}
     intx CICompilerCount                          = 4                                         {product} {ergonomic}
     uint ConcGCThreads                            = 2                                         {product} {ergonomic}
     uint G1ConcRefinementThreads                  = 8                                         {product} {ergonomic}
     uint G1EagerReclaimRemSetThreshold            = 10                                   {experimental} {ergonomic}
   size_t G1HeapRegionSize                         = 1048576                                   {product} {ergonomic}
     uint G1RemSetArrayOfCardsEntries              = 10                                   {experimental} {ergonomic}
     uint G1RemSetHowlMaxNumBuckets                = 8                                    {experimental} {ergonomic}
     uint G1RemSetHowlNumBuckets                   = 4                                    {experimental} {ergonomic}
   size_t InitialHeapSize                          = 8388608                                   {product} {ergonomic}
     bool IntelJccErratumMitigation                = true                              {ARCH diagnostic} {ergonomic}
   size_t MarkStackSize                            = 4194304                                   {product} {ergonomic}
   size_t MarkStackSizeMax                         = 536870912                                 {product} {ergonomic}
   size_t MaxHeapSize                              = 2120220672                                {product} {ergonomic}
   size_t MaxNewSize                               = 1271922688                                {product} {ergonomic}
 uint64_t MaxRAM                                   = 8480014336                                {product} {ergonomic}
   size_t MinHeapDeltaBytes                        = 1048576                                   {product} {ergonomic}
   size_t MinHeapSize                              = 8388608                                   {product} {ergonomic}
   size_t NonNMethodCodeHeapSize                   = 4096                                   {pd product} {ergonomic}
   size_t NonProfiledCodeHeapSize                  = 0                                      {pd product} {ergonomic}
     bool ProfileInterpreter                       = false                                  {pd product} {command line}
   size_t ProfiledCodeHeapSize                     = 0                                      {pd product} {ergonomic}
   size_t SoftMaxHeapSize                          = 2120220672                             {manageable} {ergonomic}
     intx TieredStopAtLevel                        = 1                                         {product} {command line}
     bool UseCompressedOops                        = true                           {product lp64_product} {ergonomic}
     bool UseCondCardMark                          = true                                      {product} {ergonomic}
     bool UseFastUnorderedTimeStamps               = true                                 {experimental} {ergonomic}
     bool UseG1GC                                  = true                                      {product} {ergonomic}
     bool UseLargePagesIndividualAllocation        = false                                  {pd product} {ergonomic}
      int X86ICacheSync                            = 2                                 {ARCH diagnostic} {ergonomic}

Logging:
Log output configuration:
 #0: stdout all=warning uptime,level,tags foldmultilines=false
 #1: stderr all=off uptime,level,tags foldmultilines=false

Release file:
IMPLEMENTOR="Oracle Corporation" 
JAVA_RUNTIME_VERSION="26.0.1+8-34" 
JAVA_VERSION="26.0.1" 
JAVA_VERSION_DATE="2026-04-21" 
LIBC="default" 
MODULES="java.base java.compiler java.datatransfer java.xml java.prefs java.desktop java.instrument java.logging java.management java.security.sasl java.naming java.rmi java.management.rmi java.net.http java.scripting java.security.jgss java.transaction.xa java.sql java.sql.rowset java.xml.crypto java.se java.smartcardio jdk.accessibility jdk.internal.jvmstat jdk.attach jdk.charsets jdk.internal.opt jdk.zipfs jdk.compiler jdk.crypto.cryptoki jdk.crypto.ec jdk.crypto.mscapi jdk.dynalink jdk.internal.ed jdk.editpad jdk.internal.vm.ci jdk.graal.compiler jdk.graal.compiler.management jdk.hotspot.agent jdk.httpserver jdk.incubator.vector jdk.internal.le jdk.internal.md jdk.jartool jdk.javadoc jdk.jcmd jdk.management jdk.management.agent jdk.jconsole jdk.jdeps jdk.jdwp.agent jdk.jdi jdk.jfr jdk.jlink jdk.jpackage jdk.jshell jdk.jstatd jdk.localedata jdk.management.jfr jdk.naming.dns jdk.naming.rmi jdk.net jdk.nio.mapmode jdk.sctp jdk.security.auth jdk.security.jgss jdk.unsupported jdk.unsupported.desktop jdk.xml.dom" 
OS_ARCH="x86_64" 
OS_NAME="Windows" 
SOURCE=".:git:fcc00fc4aee7" 

Environment Variables:
PATH=C:\Program Files\Common Files\Oracle\Java\javapath;C:\WINDOWS\system32;C:\WINDOWS;C:\WINDOWS\System32\Wbem;C:\WINDOWS\System32\WindowsPowerShell\v1.0\;C:\WINDOWS\System32\OpenSSH\;C:\Program Files\Microsoft SQL Server\Client SDK\ODBC\170\Tools\Binn\;C:\Program Files (x86)\Microsoft SQL Server\160\DTS\Binn\;C:\spring-3.2.4\bin\;C:\Program Files\Docker\Docker\resources\bin;C:\ProgramData\chocolatey\bin;C:\Program Files\Git\cmd;C:\Program Files\dotnet\;C:\Program Files (x86)\Microsoft SQL Server\160\Tools\Binn\;C:\Program Files\Microsoft SQL Server\160\Tools\Binn\;C:\Program Files\Microsoft SQL Server\160\DTS\Binn\;C:\Program Files\PowerShell\7\;C:\Program Files\MySQL\MySQL Shell 8.0\bin\;C:\Users\ricar_qp\AppData\Local\Microsoft\WindowsApps;C:\Program Files\JetBrains\IntelliJ IDEA 2026.1.1\bin;C:\Projetos\apache-maven-3.8.8\bin;C:\Program Files\JetBrains\JetBrains Rider 2025.2.3\bin;C:\Users\ricar_qp\.dotnet\tools
USERNAME=ricar_qp
OS=Windows_NT
PROCESSOR_IDENTIFIER=Intel64 Family 6 Model 165 Stepping 3, GenuineIntel
TMP=C:\Users\ricar_qp\AppData\Local\Temp
TEMP=C:\Users\ricar_qp\AppData\Local\Temp




Compilation memory statistics disabled.

Periodic native trim disabled

---------------  S Y S T E M  ---------------

OS:
 Windows 11 , 64 bit Build 26100 (10.0.26100.8328)
OS uptime: 2 days 6:47 hours
Hyper-V role detected

CPU: total 8 (initial active 8) (4 cores per cpu, 2 threads per core) family 6 model 165 stepping 3 microcode 0xf8, cx8, cmov, fxsr, ht, mmx, 3dnowpref, sse, sse2, sse3, ssse3, sse4.1, sse4.2, popcnt, lzcnt, tsc, tscinvbit, avx, avx2, aes, erms, clmul, bmi1, bmi2, adx, fma, vzeroupper, clflush, clflushopt, hv, rdtscp, f16c
Processor Information for the first 8 processors :
  Max Mhz: 3600, Current Mhz: 3600, Mhz Limit: 3600

Memory: 4k page, system-wide physical 8087M (1113M free)
TotalPageFile size 21911M (AvailPageFile size 1711M)
current process WorkingSet (physical memory assigned to process): 15M, peak: 147M
current process commit charge ("private bytes"): 183M, peak: 184M

vm_info: OpenJDK 64-Bit Server VM (26.0.1+8-34) for windows-amd64 JRE (26.0.1+8-34), built on 2026-03-10T17:24:10Z with MS VC++ 17.13 (VS2022)

END.
